../Core/Src/main.c:122:5:main	24	static
../Core/Src/main.c:264:6:SystemClock_Config	88	static
../Core/Src/main.c:311:13:MX_I2C1_Init	8	static
../Core/Src/main.c:345:13:MX_GPIO_Init	32	static
../Core/Src/main.c:378:6:wait_all_buttons_release	8	static
../Core/Src/main.c:386:6:leds_off	8	static
../Core/Src/main.c:390:6:show_color	24	static
../Core/Src/main.c:425:6:blink_success	8	static
../Core/Src/main.c:431:6:blink_error	16	static
../Core/Src/main.c:440:6:run_calibration	40	static
../Core/Src/main.c:463:7:calculate_distance	32	static
../Core/Src/main.c:471:5:get_color_id	80	static
../Core/Src/main.c:531:6:write8	32	static
../Core/Src/main.c:536:10:read16	32	static
../Core/Src/main.c:551:6:Error_Handler	4	static,ignoring_inline_asm
