../Core/Src/main.c:121:5:main	24	static
../Core/Src/main.c:243:6:SystemClock_Config	88	static
../Core/Src/main.c:290:13:MX_I2C1_Init	8	static
../Core/Src/main.c:324:13:MX_GPIO_Init	32	static
../Core/Src/main.c:357:7:wait_all_buttons_release	8	static
../Core/Src/main.c:365:7:leds_off	8	static
../Core/Src/main.c:369:7:show_color	24	static
../Core/Src/main.c:401:7:blink_success	8	static
../Core/Src/main.c:407:7:blink_error	16	static
../Core/Src/main.c:416:7:run_calibration	40	static
../Core/Src/main.c:439:8:calculate_distance	32	static
../Core/Src/main.c:447:6:get_color_id	72	static
../Core/Src/main.c:503:6:get_layout_id	24	static
../Core/Src/main.c:513:7:write8	32	static
../Core/Src/main.c:518:11:read16	32	static
../Core/Src/main.c:533:6:Error_Handler	4	static,ignoring_inline_asm
